[kapo.framer.website/index.html]
[backblue.gif]
[fade.gif]
[index.html]
[framerusercontent.com/images/6W4BmNtB49Ozd6s5dEI27lvr0EE.jpg]
[framerusercontent.com/images/NNtG3Qw5wZvF3rQwIGTj08nPE.jpg]
[kapo.framer.website/pricing.html]
[kapo.framer.website/about.html]
[kapo.framer.website/contact.html]
[framerusercontent.com/images/B1gxlasPZkyo59XFzXMbpIqz2Vg.png]
[framerusercontent.com/images/s1s1jvraf9WVExt5ZgfQyGR8sA.jpg]
[framerusercontent.com/images/hmdEcHKm0u7jUqTVWkyUfmS0EZE.png]
[framerusercontent.com/images/atX35SnZoxi5cFaGKr3KesA0TBk.png]
[framerusercontent.com/images/Fb2VUqWCsB8qV5H74yeZGMXtI.png]
[framerusercontent.com/images/0oFoFt90rlf8oWQBD2bRfb91Jw.png]
[framerusercontent.com/images/8ur2IfpF2QyInmiwTtKSGdqCpo.png]
[framerusercontent.com/images/MO2SpnyPypTJAXQrjviOVeAcjkk.png]
[framerusercontent.com/images/PFa0Bg6lb5FpYnwtNA2WI7CQyXA.png]
[framerusercontent.com/images/yQ1jW7hzDDy3qJGDYyCVCBmm5w.png]
[framerusercontent.com/images/oxjjMM7rPJkAmwCKFawQqePr3w.jpg]
[framerusercontent.com/images/72JuA3wTFBdWiA1eVjPlKdubkQs.jpg]
[framerusercontent.com/images/PCb6yMPMQBHzbMMDCdPPdQVbTM.jpg]
[framerusercontent.com/images/XwS4ksYJTDkHq8ARoqRa4BE5zgU.jpg]
[framerusercontent.com/images/8QzPzRimOMSFTRbAk7yDV03wQ.jpg]
[framerusercontent.com/images/QZYWx9rOWrVxDSDoEdPDowU38.jpg]
[framerusercontent.com/images/UBKc0dSZA1YmTMmguNk1O8HPTc.jpg]
[framerusercontent.com/images/ZRHEcUU9wfAFr00FBEdJC7bIQ.jpg]
[kapo.framer.website/index.html]
[kapo.framer.website/pricing.html]
[kapo.framer.website/terms.html]
[framerusercontent.com/images/Vu8TxX7VMCMZDjoliFK7D0nOyX0.png]
[framerusercontent.com/images/3WDQOx7XNTK4fRjOUZqonSk08A.jpg]
[framerusercontent.com/images/bDg0MER1NPv7RrhqahqHdZWMr94.jpg]
[framerusercontent.com/images/AfnjaZzt2XxO2EiIdY1QxazmTY.jpg]
[kapo.framer.website/about.html]
[kapo.framer.website/contact.html]
[kapo.framer.website/terms.html]
